// Jest Snapshot v1, https://goo.gl/fbAQLP

exports[`action member #show should match snapshot 1`] = `
Object {
  "accessId": "543210",
  "address": "Central square #1",
  "cardId": "12345",
  "category": "regular",
  "city": "Plovdiv",
  "country": "Bulgaria",
  "createdAt": "skipped",
  "email": "member@bspb.org",
  "familyMembers": Array [],
  "firstName": "Completely",
  "id": 1,
  "lastName": "Member",
  "membershipEndDate": "9999-12-31",
  "membershipFirstDate": null,
  "membershipStartDate": "2018-06-06",
  "middleName": "Populated",
  "originalSource": "fixtures",
  "phone": "+359890111222",
  "postalCode": "4000",
  "updatedAt": "skipped",
  "username": "member",
}
`;
