// Jest Snapshot v1, https://goo.gl/fbAQLP

exports[`action payment #show should match snapshot 1`] = `
Object {
  "amount": 15,
  "billingMemberId": 2,
  "createdAt": "skipped",
  "id": 1,
  "info": null,
  "members": Array [
    1,
    2,
  ],
  "membershipType": "family",
  "paymentDate": "2015-03-20",
  "paymentType": null,
  "referenceId": null,
  "referenceType": null,
  "updatedAt": "skipped",
}
`;
