// Jest Snapshot v1, https://goo.gl/fbAQLP

exports[`family members preprocessor should fail on missing family member 1`] = `"no family member found"`;

exports[`family members preprocessor should fail on missing master member 1`] = `"no master member found"`;

exports[`family members preprocessor should remind that the code depends on member.cardId unique constraint 1`] = `"The specified card ID is already in use."`;
